"2026-06-24 23:15:03,310 INFO  [main] com.tpe.cinetime.CinetimeApplication:Starting CinetimeApplication using Java 17.0.17 on Serkan with PID 34432 (C:\Users\sdezc\Desktop\Fullstck proje\cinetime\target\classes started by sdezc in C:\Users\sdezc\Desktop\Fullstck proje\cinetime)
""2026-06-24 23:15:03,319 INFO  [main] com.tpe.cinetime.CinetimeApplication:No active profile set, falling back to 1 default profile: "default"
""2026-06-24 23:15:04,530 INFO  [main] org.springframework.data.repository.config.RepositoryConfigurationDelegate:Multiple Spring Data modules found, entering strict repository configuration mode
""2026-06-24 23:15:04,532 INFO  [main] org.springframework.data.repository.config.RepositoryConfigurationDelegate:Bootstrapping Spring Data JPA repositories in DEFAULT mode.
""2026-06-24 23:15:04,748 INFO  [main] org.springframework.data.repository.config.RepositoryConfigurationDelegate:Finished Spring Data repository scanning in 205 ms. Found 11 JPA repository interfaces.
""2026-06-24 23:15:04,767 INFO  [main] org.springframework.data.repository.config.RepositoryConfigurationDelegate:Multiple Spring Data modules found, entering strict repository configuration mode
""2026-06-24 23:15:04,770 INFO  [main] org.springframework.data.repository.config.RepositoryConfigurationDelegate:Bootstrapping Spring Data Redis repositories in DEFAULT mode.
""2026-06-24 23:15:04,798 INFO  [main] org.springframework.data.repository.config.RepositoryConfigurationExtensionSupport:Spring Data Redis - Could not safely identify store assignment for repository candidate interface com.tpe.cinetime.repository.MovieRepository; If you want this repository to be a Redis repository, consider annotating your entities with one of these annotations: org.springframework.data.redis.core.RedisHash (preferred), or consider extending one of the following types with your repository: org.springframework.data.keyvalue.repository.KeyValueRepository
""2026-06-24 23:15:04,799 INFO  [main] org.springframework.data.repository.config.RepositoryConfigurationExtensionSupport:Spring Data Redis - Could not safely identify store assignment for repository candidate interface com.tpe.cinetime.repository.booking.BookingRepository; If you want this repository to be a Redis repository, consider annotating your entities with one of these annotations: org.springframework.data.redis.core.RedisHash (preferred), or consider extending one of the following types with your repository: org.springframework.data.keyvalue.repository.KeyValueRepository
""2026-06-24 23:15:04,799 INFO  [main] org.springframework.data.repository.config.RepositoryConfigurationExtensionSupport:Spring Data Redis - Could not safely identify store assignment for repository candidate interface com.tpe.cinetime.repository.booking.BookingSeatRepository; If you want this repository to be a Redis repository, consider annotating your entities with one of these annotations: org.springframework.data.redis.core.RedisHash (preferred), or consider extending one of the following types with your repository: org.springframework.data.keyvalue.repository.KeyValueRepository
""2026-06-24 23:15:04,799 INFO  [main] org.springframework.data.repository.config.RepositoryConfigurationExtensionSupport:Spring Data Redis - Could not safely identify store assignment for repository candidate interface com.tpe.cinetime.repository.booking.PaymentRepository; If you want this repository to be a Redis repository, consider annotating your entities with one of these annotations: org.springframework.data.redis.core.RedisHash (preferred), or consider extending one of the following types with your repository: org.springframework.data.keyvalue.repository.KeyValueRepository
""2026-06-24 23:15:04,800 INFO  [main] org.springframework.data.repository.config.RepositoryConfigurationExtensionSupport:Spring Data Redis - Could not safely identify store assignment for repository candidate interface com.tpe.cinetime.repository.booking.TicketRepository; If you want this repository to be a Redis repository, consider annotating your entities with one of these annotations: org.springframework.data.redis.core.RedisHash (preferred), or consider extending one of the following types with your repository: org.springframework.data.keyvalue.repository.KeyValueRepository
""2026-06-24 23:15:04,800 INFO  [main] org.springframework.data.repository.config.RepositoryConfigurationExtensionSupport:Spring Data Redis - Could not safely identify store assignment for repository candidate interface com.tpe.cinetime.repository.cinema.CinemaRepository; If you want this repository to be a Redis repository, consider annotating your entities with one of these annotations: org.springframework.data.redis.core.RedisHash (preferred), or consider extending one of the following types with your repository: org.springframework.data.keyvalue.repository.KeyValueRepository
""2026-06-24 23:15:04,800 INFO  [main] org.springframework.data.repository.config.RepositoryConfigurationExtensionSupport:Spring Data Redis - Could not safely identify store assignment for repository candidate interface com.tpe.cinetime.repository.cinema.HallRepository; If you want this repository to be a Redis repository, consider annotating your entities with one of these annotations: org.springframework.data.redis.core.RedisHash (preferred), or consider extending one of the following types with your repository: org.springframework.data.keyvalue.repository.KeyValueRepository
""2026-06-24 23:15:04,802 INFO  [main] org.springframework.data.repository.config.RepositoryConfigurationExtensionSupport:Spring Data Redis - Could not safely identify store assignment for repository candidate interface com.tpe.cinetime.repository.cinema.SeatRepository; If you want this repository to be a Redis repository, consider annotating your entities with one of these annotations: org.springframework.data.redis.core.RedisHash (preferred), or consider extending one of the following types with your repository: org.springframework.data.keyvalue.repository.KeyValueRepository
""2026-06-24 23:15:04,802 INFO  [main] org.springframework.data.repository.config.RepositoryConfigurationExtensionSupport:Spring Data Redis - Could not safely identify store assignment for repository candidate interface com.tpe.cinetime.repository.showtime.ShowtimeRepository; If you want this repository to be a Redis repository, consider annotating your entities with one of these annotations: org.springframework.data.redis.core.RedisHash (preferred), or consider extending one of the following types with your repository: org.springframework.data.keyvalue.repository.KeyValueRepository
""2026-06-24 23:15:04,803 INFO  [main] org.springframework.data.repository.config.RepositoryConfigurationExtensionSupport:Spring Data Redis - Could not safely identify store assignment for repository candidate interface com.tpe.cinetime.repository.user.RoleRepository; If you want this repository to be a Redis repository, consider annotating your entities with one of these annotations: org.springframework.data.redis.core.RedisHash (preferred), or consider extending one of the following types with your repository: org.springframework.data.keyvalue.repository.KeyValueRepository
""2026-06-24 23:15:04,803 INFO  [main] org.springframework.data.repository.config.RepositoryConfigurationExtensionSupport:Spring Data Redis - Could not safely identify store assignment for repository candidate interface com.tpe.cinetime.repository.user.UserRepository; If you want this repository to be a Redis repository, consider annotating your entities with one of these annotations: org.springframework.data.redis.core.RedisHash (preferred), or consider extending one of the following types with your repository: org.springframework.data.keyvalue.repository.KeyValueRepository
""2026-06-24 23:15:04,803 INFO  [main] org.springframework.data.repository.config.RepositoryConfigurationDelegate:Finished Spring Data repository scanning in 19 ms. Found 0 Redis repository interfaces.
""2026-06-24 23:15:05,906 INFO  [main] org.springframework.boot.web.embedded.tomcat.TomcatWebServer:Tomcat initialized with port(s): 8081 (http)
""2026-06-24 23:15:05,922 INFO  [main] org.apache.catalina.core.StandardService:Starting service [Tomcat]
""2026-06-24 23:15:05,923 INFO  [main] org.apache.catalina.core.StandardEngine:Starting Servlet engine: [Apache Tomcat/9.0.78]
""2026-06-24 23:15:06,123 INFO  [main] org.apache.catalina.core.ContainerBase.[Tomcat].[localhost].[/]:Initializing Spring embedded WebApplicationContext
""2026-06-24 23:15:06,124 INFO  [main] org.springframework.boot.web.servlet.context.ServletWebServerApplicationContext:Root WebApplicationContext: initialization completed in 2735 ms
""2026-06-24 23:15:07,044 INFO  [main] org.hibernate.jpa.internal.util.LogHelper:HHH000204: Processing PersistenceUnitInfo [name: default]
""2026-06-24 23:15:07,110 INFO  [main] org.hibernate.Version:HHH000412: Hibernate ORM core version 5.6.15.Final
""2026-06-24 23:15:07,280 INFO  [main] org.hibernate.annotations.common.Version:HCANN000001: Hibernate Commons Annotations {5.1.2.Final}
""2026-06-24 23:15:07,383 INFO  [main] com.zaxxer.hikari.HikariDataSource:HikariPool-1 - Starting...
""2026-06-24 23:15:07,615 INFO  [main] com.zaxxer.hikari.HikariDataSource:HikariPool-1 - Start completed.
""2026-06-24 23:15:07,635 INFO  [main] org.hibernate.dialect.Dialect:HHH000400: Using dialect: org.hibernate.dialect.PostgreSQLDialect
""2026-06-24 23:15:08,824 INFO  [main] org.hibernate.engine.transaction.jta.platform.internal.JtaPlatformInitiator:HHH000490: Using JtaPlatform implementation: [org.hibernate.engine.transaction.jta.platform.internal.NoJtaPlatform]
""2026-06-24 23:15:08,833 INFO  [main] org.springframework.orm.jpa.LocalContainerEntityManagerFactoryBean:Initialized JPA EntityManagerFactory for persistence unit 'default'
""2026-06-24 23:15:10,373 WARN  [main] org.springframework.boot.autoconfigure.orm.jpa.JpaBaseConfiguration$JpaWebConfiguration:spring.jpa.open-in-view is enabled by default. Therefore, database queries may be performed during view rendering. Explicitly configure spring.jpa.open-in-view to disable this warning
""2026-06-24 23:15:10,742 INFO  [main] org.springframework.boot.actuate.endpoint.web.EndpointLinksResolver:Exposing 1 endpoint(s) beneath base path '/actuator'
""2026-06-24 23:15:10,766 INFO  [main] org.springframework.security.web.DefaultSecurityFilterChain:Will secure any request with [org.springframework.security.web.session.DisableEncodeUrlFilter@2453cbb7, org.springframework.security.web.context.request.async.WebAsyncManagerIntegrationFilter@68fb6c1e, org.springframework.security.web.context.SecurityContextPersistenceFilter@71979130, org.springframework.security.web.header.HeaderWriterFilter@2f6ede9, org.springframework.web.filter.CorsFilter@a89dec0, org.springframework.security.web.authentication.logout.LogoutFilter@33f059ad, com.tpe.cinetime.security.AuthTokenFilter@52df6d0f, org.springframework.security.web.savedrequest.RequestCacheAwareFilter@56c26b21, org.springframework.security.web.servletapi.SecurityContextHolderAwareRequestFilter@3a72517e, org.springframework.security.web.authentication.AnonymousAuthenticationFilter@5e8f1db2, org.springframework.security.web.session.SessionManagementFilter@9886ec3, org.springframework.security.web.access.ExceptionTranslationFilter@3638120f, org.springframework.security.web.access.intercept.FilterSecurityInterceptor@335ff774]
""2026-06-24 23:15:11,203 INFO  [main] org.springframework.boot.web.embedded.tomcat.TomcatWebServer:Tomcat started on port(s): 8081 (http) with context path ''
""2026-06-24 23:15:11,216 INFO  [main] com.tpe.cinetime.CinetimeApplication:Started CinetimeApplication in 8.329 seconds (JVM running for 16.344)
""2026-06-24 23:15:21,911 INFO  [http-nio-8081-exec-1] org.apache.catalina.core.ContainerBase.[Tomcat].[localhost].[/]:Initializing Spring DispatcherServlet 'dispatcherServlet'
""2026-06-24 23:15:23,754 WARN  [http-nio-8081-exec-9] org.springdoc.core.ParameterInfo:Using the following default value : asc, without spring conversionService
""2026-06-24 23:15:23,817 INFO  [http-nio-8081-exec-9] org.springdoc.api.AbstractOpenApiResource:Init duration for springdoc-openapi is: 1245 ms
""2026-06-24 23:37:57,007 INFO  [SpringApplicationShutdownHook] org.springframework.orm.jpa.LocalContainerEntityManagerFactoryBean:Closing JPA EntityManagerFactory for persistence unit 'default'
""2026-06-24 23:37:57,050 INFO  [SpringApplicationShutdownHook] com.zaxxer.hikari.HikariDataSource:HikariPool-1 - Shutdown initiated...
""2026-06-24 23:37:57,061 INFO  [SpringApplicationShutdownHook] com.zaxxer.hikari.HikariDataSource:HikariPool-1 - Shutdown completed.
"